exports[`test  1`] = `
<div
  className="container-fluid"
  style={
    Object {
      "marginTop": "5em",
    }
  }>
  <div
    className="row">
    <div
      className="col-md-12">
      <span />
    </div>
  </div>
</div>
`;
